<?xml version="1.0" encoding="utf-8"?><testsuites name="pytest tests"><testsuite name="pytest" errors="0" failures="0" skipped="0" tests="207" time="5.792" timestamp="2026-04-23T15:01:38.808154+08:00" hostname="u9-5080"><testcase classname="tests.cli.lib.test_enum_guard.TestEnumDefinitions" name="test_skill_id_count" time="0.004" /><testcase classname="tests.cli.lib.test_enum_guard.TestEnumDefinitions" name="test_skill_id_values" time="0.001" /><testcase classname="tests.cli.lib.test_enum_guard.TestEnumDefinitions" name="test_module_id_count" time="0.000" /><testcase classname="tests.cli.lib.test_enum_guard.TestEnumDefinitions" name="test_module_id_values" time="0.000" /><testcase classname="tests.cli.lib.test_enum_guard.TestEnumDefinitions" name="test_assertion_layer_count" time="0.000" /><testcase classname="tests.cli.lib.test_enum_guard.TestEnumDefinitions" name="test_assertion_layer_values" time="0.000" /><testcase classname="tests.cli.lib.test_enum_guard.TestEnumDefinitions" name="test_failure_class_count" time="0.000" /><testcase classname="tests.cli.lib.test_enum_guard.TestEnumDefinitions" name="test_failure_class_values" time="0.000" /><testcase classname="tests.cli.lib.test_enum_guard.TestEnumDefinitions" name="test_gate_verdict_count" time="0.000" /><testcase classname="tests.cli.lib.test_enum_guard.TestEnumDefinitions" name="test_gate_verdict_values" time="0.000" /><testcase classname="tests.cli.lib.test_enum_guard.TestEnumDefinitions" name="test_phase_id_count" time="0.000" /><testcase classname="tests.cli.lib.test_enum_guard.TestEnumDefinitions" name="test_phase_id_values" time="0.000" /><testcase classname="tests.cli.lib.test_enum_guard.TestEnumDefinitions" name="test_gate_verdict_imported_not_redefined" time="0.000" /><testcase classname="tests.cli.lib.test_enum_guard.TestValidateField" name="test_valid_skill_id" time="0.000" /><testcase classname="tests.cli.lib.test_enum_guard.TestValidateField" name="test_invalid_skill_id" time="0.000" /><testcase classname="tests.cli.lib.test_enum_guard.TestValidateField" name="test_valid_module_id" time="0.000" /><testcase classname="tests.cli.lib.test_enum_guard.TestValidateField" name="test_invalid_module_id_lists_all_allowed" time="0.000" /><testcase classname="tests.cli.lib.test_enum_guard.TestValidateField" name="test_valid_assertion_layer" time="0.001" /><testcase classname="tests.cli.lib.test_enum_guard.TestValidateField" name="test_invalid_assertion_layer" time="0.001" /><testcase classname="tests.cli.lib.test_enum_guard.TestValidateField" name="test_valid_failure_class" time="0.001" /><testcase classname="tests.cli.lib.test_enum_guard.TestValidateField" name="test_invalid_failure_class" time="0.000" /><testcase classname="tests.cli.lib.test_enum_guard.TestValidateField" name="test_valid_gate_verdict" time="0.000" /><testcase classname="tests.cli.lib.test_enum_guard.TestValidateField" name="test_invalid_gate_verdict" time="0.000" /><testcase classname="tests.cli.lib.test_enum_guard.TestValidateField" name="test_valid_phase" time="0.000" /><testcase classname="tests.cli.lib.test_enum_guard.TestValidateField" name="test_invalid_phase" time="0.000" /><testcase classname="tests.cli.lib.test_enum_guard.TestValidateField" name="test_unknown_field" time="0.000" /><testcase classname="tests.cli.lib.test_enum_guard.TestValidateEnums" name="test_all_valid" time="0.000" /><testcase classname="tests.cli.lib.test_enum_guard.TestValidateEnums" name="test_multiple_invalid_collects_all_errors" time="0.000" /><testcase classname="tests.cli.lib.test_enum_guard.TestValidateEnums" name="test_mixed_valid_and_invalid" time="0.000" /><testcase classname="tests.cli.lib.test_enum_guard.TestValidateEnums" name="test_empty_dict" time="0.000" /><testcase classname="tests.cli.lib.test_enum_guard.TestValidateEnums" name="test_unknown_keys_ignored" time="0.000" /><testcase classname="tests.cli.lib.test_enum_guard.TestEnumGuardError" name="test_is_value_error_subclass" time="0.000" /><testcase classname="tests.cli.lib.test_enum_guard.TestEnumGuardError" name="test_error_from_check_field" time="0.001" /><testcase classname="tests.cli.lib.test_enum_guard.TestEnumGuardViolation" name="test_violation_str_enum_03_format" time="0.000" /><testcase classname="tests.cli.lib.test_enum_guard.TestEnumGuardViolation" name="test_violation_is_frozen" time="0.000" /><testcase classname="tests.cli.lib.test_enum_guard.TestRegistry" name="test_enum_registry_has_all_6_fields" time="0.001" /><testcase classname="tests.cli.lib.test_enum_guard.TestRegistry" name="test_enum_registry_maps_correct_types" time="0.001" /><testcase classname="tests.cli.lib.test_enum_guard.TestRegistry" name="test_forbidden_semantics_has_all_6_fields" time="0.000" /><testcase classname="tests.cli.lib.test_enum_guard.TestCheckField" name="test_valid_value_does_not_raise" time="0.001" /><testcase classname="tests.cli.lib.test_enum_guard.TestCheckField" name="test_invalid_value_raises_enum_guard_error" time="0.001" /><testcase classname="tests.cli.lib.test_enum_guard.TestCheckField" name="test_check_field_error_message_complies_enum_03" time="0.000" /><testcase classname="tests.cli.lib.test_environment_schema.TestValidate" name="test_valid_minimal_dict" time="0.001" /><testcase classname="tests.cli.lib.test_environment_schema.TestValidate" name="test_valid_all_fields" time="0.001" /><testcase classname="tests.cli.lib.test_environment_schema.TestValidate" name="test_wrapped_in_environment_key" time="0.000" /><testcase classname="tests.cli.lib.test_environment_schema.TestValidate" name="test_missing_base_url" time="0.001" /><testcase classname="tests.cli.lib.test_environment_schema.TestValidate" name="test_missing_browser" time="0.001" /><testcase classname="tests.cli.lib.test_environment_schema.TestValidate" name="test_missing_timeout" time="0.001" /><testcase classname="tests.cli.lib.test_environment_schema.TestValidate" name="test_missing_headless" time="0.001" /><testcase classname="tests.cli.lib.test_environment_schema.TestValidate" name="test_forbidden_embedded_in_testset" time="0.001" /><testcase classname="tests.cli.lib.test_environment_schema.TestValidate" name="test_invalid_browser_value" time="0.001" /><testcase classname="tests.cli.lib.test_environment_schema.TestValidate" name="test_timeout_not_number" time="0.001" /><testcase classname="tests.cli.lib.test_environment_schema.TestValidate" name="test_headless_not_bool" time="0.001" /><testcase classname="tests.cli.lib.test_environment_schema.TestValidateFile" name="test_valid_yaml_file" time="0.013" /><testcase classname="tests.cli.lib.test_environment_schema.TestValidateFile" name="test_file_not_found" time="0.001" /><testcase classname="tests.cli.lib.test_environment_schema.TestValidateFile" name="test_forbidden_field_in_file" time="0.003" /><testcase classname="tests.cli.lib.test_environment_schema.TestValidateFile" name="test_auto_detect_schema_type" time="0.007" /><testcase classname="tests.cli.lib.test_environment_schema.TestEnvironmentDataclass" name="test_defaults" time="0.001" /><testcase classname="tests.cli.lib.test_environment_schema.TestEnvironmentDataclass" name="test_frozen" time="0.000" /><testcase classname="tests.cli.lib.test_environment_schema.TestBrowserEnum" name="test_values" time="0.001" /><testcase classname="tests.cli.lib.test_fs.TestIsSsotPath" name="test_ssot_yaml_returns_true" time="0.002" /><testcase classname="tests.cli.lib.test_fs.TestIsSsotPath" name="test_ssot_nested_json_returns_true" time="0.002" /><testcase classname="tests.cli.lib.test_fs.TestIsSsotPath" name="test_frz_yaml_returns_false" time="0.002" /><testcase classname="tests.cli.lib.test_fs.TestIsSsotPath" name="test_frz_nested_returns_false" time="0.002" /><testcase classname="tests.cli.lib.test_fs.TestIsSsotPath" name="test_tmp_path_returns_false" time="0.003" /><testcase classname="tests.cli.lib.test_fs.TestIsSsotPath" name="test_absolute_ssot_path_returns_true" time="0.002" /><testcase classname="tests.cli.lib.test_fs.TestInjectFcRefs" name="test_adds_fc_refs_to_empty_dict" time="0.000" /><testcase classname="tests.cli.lib.test_fs.TestInjectFcRefs" name="test_adds_fc_refs_to_existing_data" time="0.000" /><testcase classname="tests.cli.lib.test_fs.TestInjectFcRefs" name="test_does_not_overwrite_existing_fc_refs" time="0.000" /><testcase classname="tests.cli.lib.test_fs.TestInjectFcRefs" name="test_fc_refs_contains_all_seven" time="0.001" /><testcase classname="tests.cli.lib.test_fs.TestInjectFcRefs" name="test_original_not_mutated" time="0.000" /><testcase classname="tests.cli.lib.test_fs.TestWriteJsonSsotIntegration" name="test_ssot_write_adds_fc_refs_to_file" time="0.008" /><testcase classname="tests.cli.lib.test_fs.TestWriteJsonSsotIntegration" name="test_ssot_write_valid_enums_succeeds" time="0.004" /><testcase classname="tests.cli.lib.test_fs.TestWriteJsonSsotIntegration" name="test_ssot_write_invalid_enum_raises_command_error" time="0.002" /><testcase classname="tests.cli.lib.test_fs.TestWriteJsonSsotIntegration" name="test_ssot_write_invalid_enum_error_message_includes_field_value_allowed" time="0.002" /><testcase classname="tests.cli.lib.test_fs.TestWriteJsonSsotIntegration" name="test_non_ssot_write_skips_enum_guard" time="0.007" /><testcase classname="tests.cli.lib.test_fs.TestWriteJsonSsotIntegration" name="test_frz_write_skips_enum_guard" time="0.007" /><testcase classname="tests.cli.lib.test_fs.TestWriteJsonSsotIntegration" name="test_ssot_write_multiple_enum_fields_all_validated" time="0.004" /><testcase classname="tests.cli.lib.test_gate_schema.TestValidate" name="test_valid_pass" time="0.001" /><testcase classname="tests.cli.lib.test_gate_schema.TestValidate" name="test_valid_conditional_pass" time="0.001" /><testcase classname="tests.cli.lib.test_gate_schema.TestValidate" name="test_valid_fail" time="0.000" /><testcase classname="tests.cli.lib.test_gate_schema.TestValidate" name="test_valid_provisional_pass" time="0.000" /><testcase classname="tests.cli.lib.test_gate_schema.TestValidate" name="test_valid_full_dict" time="0.000" /><testcase classname="tests.cli.lib.test_gate_schema.TestValidate" name="test_wrapped_in_gate_key" time="0.000" /><testcase classname="tests.cli.lib.test_gate_schema.TestValidate" name="test_unknown_verdict" time="0.001" /><testcase classname="tests.cli.lib.test_gate_schema.TestValidate" name="test_skip_verdict" time="0.000" /><testcase classname="tests.cli.lib.test_gate_schema.TestValidate" name="test_missing_verdict" time="0.001" /><testcase classname="tests.cli.lib.test_gate_schema.TestValidate" name="test_forbidden_hidden_verifier_failure" time="0.001" /><testcase classname="tests.cli.lib.test_gate_schema.TestValidateFile" name="test_valid_yaml_file" time="0.008" /><testcase classname="tests.cli.lib.test_gate_schema.TestValidateFile" name="test_file_not_found" time="0.001" /><testcase classname="tests.cli.lib.test_gate_schema.TestValidateFile" name="test_forbidden_field_in_file" time="0.008" /><testcase classname="tests.cli.lib.test_gate_schema.TestValidateFile" name="test_auto_detect_schema_type" time="0.008" /><testcase classname="tests.cli.lib.test_gate_schema.TestValidateFile" name="test_invalid_verdict_in_file" time="0.003" /><testcase classname="tests.cli.lib.test_gate_schema.TestGateDataclass" name="test_defaults" time="0.000" /><testcase classname="tests.cli.lib.test_gate_schema.TestGateDataclass" name="test_frozen" time="0.000" /><testcase classname="tests.cli.lib.test_gate_schema.TestGateVerdictEnum" name="test_values" time="0.000" /><testcase classname="tests.cli.lib.test_gate_schema.TestGateVerdictEnum" name="test_count" time="0.000" /><testcase classname="tests.cli.lib.test_governance_validator.TestGovernanceViolation" name="test_violation_str_format_includes_label_field_type" time="0.000" /><testcase classname="tests.cli.lib.test_governance_validator.TestGovernanceViolation" name="test_violation_is_frozen" time="0.001" /><testcase classname="tests.cli.lib.test_governance_validator.TestGovernanceViolation" name="test_violation_types_required_missing" time="0.001" /><testcase classname="tests.cli.lib.test_governance_validator.TestGovernanceViolation" name="test_violation_types_forbidden_field" time="0.000" /><testcase classname="tests.cli.lib.test_governance_validator.TestGovernanceViolation" name="test_violation_types_extra_field" time="0.000" /><testcase classname="tests.cli.lib.test_governance_validator.TestSkillValidator" name="test_valid_skill_passes" time="0.001" /><testcase classname="tests.cli.lib.test_governance_validator.TestSkillValidator" name="test_missing_required_field_skill_id" time="0.001" /><testcase classname="tests.cli.lib.test_governance_validator.TestSkillValidator" name="test_missing_required_field_purpose" time="0.001" /><testcase classname="tests.cli.lib.test_governance_validator.TestSkillValidator" name="test_missing_required_field_orchestrates" time="0.001" /><testcase classname="tests.cli.lib.test_governance_validator.TestSkillValidator" name="test_forbidden_field_internal_module_registration" time="0.001" /><testcase classname="tests.cli.lib.test_governance_validator.TestSkillValidator" name="test_forbidden_field_direct_implementation" time="0.001" /><testcase classname="tests.cli.lib.test_governance_validator.TestSkillValidator" name="test_extra_field_triggers_error" time="0.001" /><testcase classname="tests.cli.lib.test_governance_validator.TestSkillValidator" name="test_skill_id_enum_validated_via_enum_guard" time="0.001" /><testcase classname="tests.cli.lib.test_governance_validator.TestModuleValidator" name="test_valid_module_passes" time="0.001" /><testcase classname="tests.cli.lib.test_governance_validator.TestModuleValidator" name="test_missing_required_field_module_id" time="0.001" /><testcase classname="tests.cli.lib.test_governance_validator.TestModuleValidator" name="test_missing_required_field_axis" time="0.001" /><testcase classname="tests.cli.lib.test_governance_validator.TestModuleValidator" name="test_missing_required_field_input" time="0.001" /><testcase classname="tests.cli.lib.test_governance_validator.TestModuleValidator" name="test_missing_required_field_output" time="0.001" /><testcase classname="tests.cli.lib.test_governance_validator.TestModuleValidator" name="test_forbidden_field_present_skill_registration" time="0.001" /><testcase classname="tests.cli.lib.test_governance_validator.TestModuleValidator" name="test_module_id_enum_validated" time="0.001" /><testcase classname="tests.cli.lib.test_governance_validator.TestAssertionLayerValidator" name="test_valid_assertion_layer_passes" time="0.001" /><testcase classname="tests.cli.lib.test_governance_validator.TestAssertionLayerValidator" name="test_missing_required_field_layer_id" time="0.001" /><testcase classname="tests.cli.lib.test_governance_validator.TestAssertionLayerValidator" name="test_missing_required_field_name" time="0.001" /><testcase classname="tests.cli.lib.test_governance_validator.TestAssertionLayerValidator" name="test_missing_required_field_description" time="0.001" /><testcase classname="tests.cli.lib.test_governance_validator.TestAssertionLayerValidator" name="test_missing_required_field_verification_method" time="0.001" /><testcase classname="tests.cli.lib.test_governance_validator.TestAssertionLayerValidator" name="test_forbidden_field_optional_for_golden_paths" time="0.001" /><testcase classname="tests.cli.lib.test_governance_validator.TestAssertionLayerValidator" name="test_assertion_layer_enum_validated" time="0.001" /><testcase classname="tests.cli.lib.test_governance_validator.TestFailureClassValidator" name="test_valid_failure_class_passes" time="0.001" /><testcase classname="tests.cli.lib.test_governance_validator.TestFailureClassValidator" name="test_missing_required_field_class_id" time="0.001" /><testcase classname="tests.cli.lib.test_governance_validator.TestFailureClassValidator" name="test_missing_required_field_name" time="0.001" /><testcase classname="tests.cli.lib.test_governance_validator.TestFailureClassValidator" name="test_missing_required_field_description" time="0.001" /><testcase classname="tests.cli.lib.test_governance_validator.TestFailureClassValidator" name="test_missing_required_field_common_manifestations" time="0.000" /><testcase classname="tests.cli.lib.test_governance_validator.TestFailureClassValidator" name="test_forbidden_field_ad_hoc_classification" time="0.001" /><testcase classname="tests.cli.lib.test_governance_validator.TestFailureClassValidator" name="test_failure_class_enum_validated" time="0.001" /><testcase classname="tests.cli.lib.test_governance_validator.TestGoldenPathValidator" name="test_valid_golden_path_passes" time="0.001" /><testcase classname="tests.cli.lib.test_governance_validator.TestGoldenPathValidator" name="test_missing_required_field_path_id" time="0.000" /><testcase classname="tests.cli.lib.test_governance_validator.TestGoldenPathValidator" name="test_missing_required_field_priority" time="0.001" /><testcase classname="tests.cli.lib.test_governance_validator.TestGoldenPathValidator" name="test_missing_required_field_description" time="0.001" /><testcase classname="tests.cli.lib.test_governance_validator.TestGoldenPathValidator" name="test_missing_required_field_dependencies" time="0.001" /><testcase classname="tests.cli.lib.test_governance_validator.TestGoldenPathValidator" name="test_forbidden_field_undefined_environment" time="0.000" /><testcase classname="tests.cli.lib.test_governance_validator.TestGoldenPathValidator" name="test_forbidden_field_undefined_data" time="0.001" /><testcase classname="tests.cli.lib.test_governance_validator.TestGoldenPathValidator" name="test_no_enum_fields" time="0.001" /><testcase classname="tests.cli.lib.test_governance_validator.TestGateValidator" name="test_valid_gate_passes" time="0.001" /><testcase classname="tests.cli.lib.test_governance_validator.TestGateValidator" name="test_missing_required_field_verdict" time="0.000" /><testcase classname="tests.cli.lib.test_governance_validator.TestGateValidator" name="test_missing_required_field_case_pass_rate" time="0.001" /><testcase classname="tests.cli.lib.test_governance_validator.TestGateValidator" name="test_missing_required_field_assertion_coverage" time="0.001" /><testcase classname="tests.cli.lib.test_governance_validator.TestGateValidator" name="test_missing_required_field_bypass_violations" time="0.001" /><testcase classname="tests.cli.lib.test_governance_validator.TestGateValidator" name="test_missing_required_field_verifier_verdict" time="0.001" /><testcase classname="tests.cli.lib.test_governance_validator.TestGateValidator" name="test_missing_required_field_product_bugs" time="0.001" /><testcase classname="tests.cli.lib.test_governance_validator.TestGateValidator" name="test_missing_required_field_env_consistency" time="0.001" /><testcase classname="tests.cli.lib.test_governance_validator.TestGateValidator" name="test_forbidden_field_hidden_verifier_failure" time="0.001" /><testcase classname="tests.cli.lib.test_governance_validator.TestGateValidator" name="test_gate_verdict_enum_validated" time="0.001" /><testcase classname="tests.cli.lib.test_governance_validator.TestGateValidator" name="test_extra_field_triggers_error" time="0.001" /><testcase classname="tests.cli.lib.test_governance_validator.TestStateMachineValidator" name="test_valid_state_machine_passes" time="0.001" /><testcase classname="tests.cli.lib.test_governance_validator.TestStateMachineValidator" name="test_missing_required_field_states" time="0.001" /><testcase classname="tests.cli.lib.test_governance_validator.TestStateMachineValidator" name="test_missing_required_field_transitions" time="0.001" /><testcase classname="tests.cli.lib.test_governance_validator.TestStateMachineValidator" name="test_missing_required_field_on_fail_behavior" time="0.001" /><testcase classname="tests.cli.lib.test_governance_validator.TestStateMachineValidator" name="test_forbidden_field_free_form_execution" time="0.001" /><testcase classname="tests.cli.lib.test_governance_validator.TestStateMachineValidator" name="test_phase_enum_validated" time="0.001" /><testcase classname="tests.cli.lib.test_governance_validator.TestRunManifestValidator" name="test_valid_run_manifest_passes" time="0.001" /><testcase classname="tests.cli.lib.test_governance_validator.TestRunManifestValidator" name="test_missing_required_field_run_id" time="0.001" /><testcase classname="tests.cli.lib.test_governance_validator.TestRunManifestValidator" name="test_missing_required_field_app_commit" time="0.001" /><testcase classname="tests.cli.lib.test_governance_validator.TestRunManifestValidator" name="test_missing_required_field_base_url" time="0.001" /><testcase classname="tests.cli.lib.test_governance_validator.TestRunManifestValidator" name="test_missing_required_field_browser" time="0.001" /><testcase classname="tests.cli.lib.test_governance_validator.TestRunManifestValidator" name="test_missing_required_field_generated_at" time="0.001" /><testcase classname="tests.cli.lib.test_governance_validator.TestRunManifestValidator" name="test_forbidden_field_mutable_after_creation" time="0.001" /><testcase classname="tests.cli.lib.test_governance_validator.TestRunManifestValidator" name="test_no_enum_fields" time="0.000" /><testcase classname="tests.cli.lib.test_governance_validator.TestEnvironmentValidator" name="test_valid_environment_passes" time="0.001" /><testcase classname="tests.cli.lib.test_governance_validator.TestEnvironmentValidator" name="test_missing_required_field_base_url" time="0.001" /><testcase classname="tests.cli.lib.test_governance_validator.TestEnvironmentValidator" name="test_missing_required_field_browser" time="0.000" /><testcase classname="tests.cli.lib.test_governance_validator.TestEnvironmentValidator" name="test_missing_required_field_timeout" time="0.001" /><testcase classname="tests.cli.lib.test_governance_validator.TestEnvironmentValidator" name="test_missing_required_field_headless" time="0.000" /><testcase classname="tests.cli.lib.test_governance_validator.TestEnvironmentValidator" name="test_forbidden_field_embedded_in_testset" time="0.001" /><testcase classname="tests.cli.lib.test_governance_validator.TestEnvironmentValidator" name="test_no_enum_fields" time="0.000" /><testcase classname="tests.cli.lib.test_governance_validator.TestAccidentValidator" name="test_valid_accident_passes" time="0.001" /><testcase classname="tests.cli.lib.test_governance_validator.TestAccidentValidator" name="test_missing_required_field_case_id" time="0.001" /><testcase classname="tests.cli.lib.test_governance_validator.TestAccidentValidator" name="test_missing_required_field_manifest" time="0.001" /><testcase classname="tests.cli.lib.test_governance_validator.TestAccidentValidator" name="test_missing_required_field_screenshots" time="0.001" /><testcase classname="tests.cli.lib.test_governance_validator.TestAccidentValidator" name="test_missing_required_field_traces" time="0.001" /><testcase classname="tests.cli.lib.test_governance_validator.TestAccidentValidator" name="test_missing_required_field_network_log" time="0.001" /><testcase classname="tests.cli.lib.test_governance_validator.TestAccidentValidator" name="test_missing_required_field_console_log" time="0.001" /><testcase classname="tests.cli.lib.test_governance_validator.TestAccidentValidator" name="test_missing_required_field_failure_classification" time="0.001" /><testcase classname="tests.cli.lib.test_governance_validator.TestAccidentValidator" name="test_forbidden_field_ad_hoc_format" time="0.001" /><testcase classname="tests.cli.lib.test_governance_validator.TestAccidentValidator" name="test_failure_classification_enum_validated" time="0.001" /><testcase classname="tests.cli.lib.test_governance_validator.TestVerifierValidator" name="test_valid_verifier_passes" time="0.001" /><testcase classname="tests.cli.lib.test_governance_validator.TestVerifierValidator" name="test_missing_required_field_verdict" time="0.001" /><testcase classname="tests.cli.lib.test_governance_validator.TestVerifierValidator" name="test_missing_required_field_confidence" time="0.001" /><testcase classname="tests.cli.lib.test_governance_validator.TestVerifierValidator" name="test_missing_required_field_c_layer_verdict" time="0.001" /><testcase classname="tests.cli.lib.test_governance_validator.TestVerifierValidator" name="test_missing_required_field_detail" time="0.000" /><testcase classname="tests.cli.lib.test_governance_validator.TestVerifierValidator" name="test_forbidden_field_shared_context_with_runner" time="0.001" /><testcase classname="tests.cli.lib.test_governance_validator.TestVerifierValidator" name="test_verdict_enum_validated" time="0.001" /><testcase classname="tests.cli.lib.test_governance_validator.TestCollectAllViolations" name="test_returns_multiple_violations_for_missing_and_forbidden" time="0.000" /><testcase classname="tests.cli.lib.test_governance_validator.TestCollectAllViolations" name="test_returns_empty_list_when_valid" time="0.000" /><testcase classname="tests.cli.lib.test_governance_validator.TestCollectAllViolations" name="test_validate_file_with_valid_object" time="0.004" /><testcase classname="tests.cli.lib.test_governance_validator.TestValidatorsMap" name="test_validators_map_has_11_entries" time="0.000" /><testcase classname="tests.cli.lib.test_governance_validator.TestValidatorsMap" name="test_all_validators_are_frozen_dataclass" time="0.001" /><testcase classname="tests.cli.lib.test_governance_validator.TestValidatorsMap" name="test_all_object_types_covered" time="0.001" /><testcase classname="tests.cli.lib.test_governance_validator.TestCLI" name="test_list_types_output" time="0.081" /><testcase classname="tests.cli.lib.test_governance_validator.TestCLI" name="test_validate_invalid_returns_fail" time="0.082" /><testcase classname="tests.cli.lib.test_testset_schema.TestValidate" name="test_valid_minimal_dict" time="0.001" /><testcase classname="tests.cli.lib.test_testset_schema.TestValidate" name="test_valid_full_dict" time="0.001" /><testcase classname="tests.cli.lib.test_testset_schema.TestValidate" name="test_wrapped_in_testset_key" time="0.001" /><testcase classname="tests.cli.lib.test_testset_schema.TestValidate" name="test_forbidden_test_case_pack" time="0.001" /><testcase classname="tests.cli.lib.test_testset_schema.TestValidate" name="test_forbidden_script_pack" time="0.001" /><testcase classname="tests.cli.lib.test_testset_schema.TestValidateFile" name="test_valid_yaml_file" time="0.009" /><testcase classname="tests.cli.lib.test_testset_schema.TestValidateFile" name="test_file_not_found" time="0.001" /><testcase classname="tests.cli.lib.test_testset_schema.TestValidateFile" name="test_forbidden_field_in_file" time="0.003" /><testcase classname="tests.cli.lib.test_testset_schema.TestValidateFile" name="test_auto_detect_schema_type" time="0.004" /><testcase classname="tests.cli.lib.test_testset_schema.TestValidateFile" name="test_invalid_schema_type" time="0.003" /><testcase classname="tests.cli.lib.test_testset_schema.TestTestsetDataclass" name="test_frozen" time="0.000" /><testcase classname="tests.cli.lib.test_testset_schema.TestTestsetDataclass" name="test_defaults" time="0.001" /></testsuite></testsuites>